// Jest Snapshot v1, https://goo.gl/fbAQLP

exports[`HeaderBar renders correctly 1`] = `
ShallowWrapper {
  Symbol(enzyme.__root__): [Circular],
  Symbol(enzyme.__unrendered__): <HeaderBar />,
  Symbol(enzyme.__renderer__): Object {
    "batchedUpdates": [Function],
    "checkPropTypes": [Function],
    "getNode": [Function],
    "render": [Function],
    "simulateError": [Function],
    "simulateEvent": [Function],
    "unmount": [Function],
  },
  Symbol(enzyme.__node__): Object {
    "instance": null,
    "key": undefined,
    "nodeType": "function",
    "props": Object {
      "children": Array [
        <ForwardRef
          className="logo"
          href="/"
        >
          <ForwardRef
            alt="Bees of Bryncoch logo"
            src="Logo.png"
          />
        </ForwardRef>,
        <ForwardRef>
          <li>
            <ForwardRef
              href="/about"
            >
              ABOUT
            </ForwardRef>
          </li>
          <li>
            <ForwardRef
              href="/blog"
            >
              BLOG
            </ForwardRef>
          </li>
          <li>
            <ForwardRef
              href="/gallery"
            >
              GALLERY
            </ForwardRef>
          </li>
          <li>
            <ForwardRef
              href="/review"
            >
              REVIEWS
            </ForwardRef>
          </li>
          <li>
            <ForwardRef
              href="/contact"
            >
              CONTACT
            </ForwardRef>
          </li>
        </ForwardRef>,
      ],
    },
    "ref": null,
    "rendered": Array [
      Object {
        "instance": null,
        "key": undefined,
        "nodeType": "function",
        "props": Object {
          "children": <ForwardRef
            alt="Bees of Bryncoch logo"
            src="Logo.png"
          />,
          "className": "logo",
          "href": "/",
        },
        "ref": null,
        "rendered": Object {
          "instance": null,
          "key": undefined,
          "nodeType": "function",
          "props": Object {
            "alt": "Bees of Bryncoch logo",
            "src": "Logo.png",
          },
          "ref": null,
          "rendered": null,
          "type": Object {
            "$$typeof": Symbol(react.forward_ref),
            "attrs": Array [],
            "componentStyle": ComponentStyle {
              "componentId": "sc-bwzfXH",
              "isStatic": true,
              "lastClassName": "dcwtMI",
              "rules": Array [
                "
    width: 100%;
    height: 100%;
",
              ],
            },
            "displayName": "styled.img",
            "foldedComponentIds": Array [],
            "render": [Function],
            "styledComponentId": "sc-bwzfXH",
            "target": "img",
            "toString": [Function],
            "warnTooManyClasses": [Function],
            "withComponent": [Function],
          },
        },
        "type": Object {
          "$$typeof": Symbol(react.forward_ref),
          "attrs": Array [],
          "componentStyle": ComponentStyle {
            "componentId": "sc-htpNat",
            "isStatic": true,
            "lastClassName": "bXseJD",
            "rules": Array [
              "
    width: 8vw;
    height: 6vw;
    padding: 0 1em 0.5em 8em;
",
            ],
          },
          "displayName": "styled.a",
          "foldedComponentIds": Array [],
          "render": [Function],
          "styledComponentId": "sc-htpNat",
          "target": "a",
          "toString": [Function],
          "warnTooManyClasses": [Function],
          "withComponent": [Function],
        },
      },
      Object {
        "instance": null,
        "key": undefined,
        "nodeType": "function",
        "props": Object {
          "children": Array [
            <li>
              <ForwardRef
                href="/about"
              >
                ABOUT
              </ForwardRef>
            </li>,
            <li>
              <ForwardRef
                href="/blog"
              >
                BLOG
              </ForwardRef>
            </li>,
            <li>
              <ForwardRef
                href="/gallery"
              >
                GALLERY
              </ForwardRef>
            </li>,
            <li>
              <ForwardRef
                href="/review"
              >
                REVIEWS
              </ForwardRef>
            </li>,
            <li>
              <ForwardRef
                href="/contact"
              >
                CONTACT
              </ForwardRef>
            </li>,
          ],
        },
        "ref": null,
        "rendered": Array [
          Object {
            "instance": null,
            "key": undefined,
            "nodeType": "host",
            "props": Object {
              "children": <ForwardRef
                href="/about"
              >
                ABOUT
              </ForwardRef>,
            },
            "ref": null,
            "rendered": Object {
              "instance": null,
              "key": undefined,
              "nodeType": "function",
              "props": Object {
                "children": "ABOUT",
                "href": "/about",
              },
              "ref": null,
              "rendered": "ABOUT",
              "type": Object {
                "$$typeof": Symbol(react.forward_ref),
                "attrs": Array [],
                "componentStyle": ComponentStyle {
                  "componentId": "sc-ifAKCX",
                  "isStatic": true,
                  "lastClassName": "bUNfVr",
                  "rules": Array [
                    "
    text-decoration: none;
    display: block;
    padding: 1em;
    color: #2D1710;

    :hover {
        background: darken(deepskyblue, 2%);
    }

    @media all and (max-width: 600px) {
        text-align: center; 
        padding: 10px;
        border-top: 1px solid rgba(255,255,255,0.3); 
        border-bottom: 1px solid rgba(0,0,0,0.1); 
    }
",
                  ],
                },
                "displayName": "styled.a",
                "foldedComponentIds": Array [],
                "render": [Function],
                "styledComponentId": "sc-ifAKCX",
                "target": "a",
                "toString": [Function],
                "warnTooManyClasses": [Function],
                "withComponent": [Function],
              },
            },
            "type": "li",
          },
          Object {
            "instance": null,
            "key": undefined,
            "nodeType": "host",
            "props": Object {
              "children": <ForwardRef
                href="/blog"
              >
                BLOG
              </ForwardRef>,
            },
            "ref": null,
            "rendered": Object {
              "instance": null,
              "key": undefined,
              "nodeType": "function",
              "props": Object {
                "children": "BLOG",
                "href": "/blog",
              },
              "ref": null,
              "rendered": "BLOG",
              "type": Object {
                "$$typeof": Symbol(react.forward_ref),
                "attrs": Array [],
                "componentStyle": ComponentStyle {
                  "componentId": "sc-ifAKCX",
                  "isStatic": true,
                  "lastClassName": "bUNfVr",
                  "rules": Array [
                    "
    text-decoration: none;
    display: block;
    padding: 1em;
    color: #2D1710;

    :hover {
        background: darken(deepskyblue, 2%);
    }

    @media all and (max-width: 600px) {
        text-align: center; 
        padding: 10px;
        border-top: 1px solid rgba(255,255,255,0.3); 
        border-bottom: 1px solid rgba(0,0,0,0.1); 
    }
",
                  ],
                },
                "displayName": "styled.a",
                "foldedComponentIds": Array [],
                "render": [Function],
                "styledComponentId": "sc-ifAKCX",
                "target": "a",
                "toString": [Function],
                "warnTooManyClasses": [Function],
                "withComponent": [Function],
              },
            },
            "type": "li",
          },
          Object {
            "instance": null,
            "key": undefined,
            "nodeType": "host",
            "props": Object {
              "children": <ForwardRef
                href="/gallery"
              >
                GALLERY
              </ForwardRef>,
            },
            "ref": null,
            "rendered": Object {
              "instance": null,
              "key": undefined,
              "nodeType": "function",
              "props": Object {
                "children": "GALLERY",
                "href": "/gallery",
              },
              "ref": null,
              "rendered": "GALLERY",
              "type": Object {
                "$$typeof": Symbol(react.forward_ref),
                "attrs": Array [],
                "componentStyle": ComponentStyle {
                  "componentId": "sc-ifAKCX",
                  "isStatic": true,
                  "lastClassName": "bUNfVr",
                  "rules": Array [
                    "
    text-decoration: none;
    display: block;
    padding: 1em;
    color: #2D1710;

    :hover {
        background: darken(deepskyblue, 2%);
    }

    @media all and (max-width: 600px) {
        text-align: center; 
        padding: 10px;
        border-top: 1px solid rgba(255,255,255,0.3); 
        border-bottom: 1px solid rgba(0,0,0,0.1); 
    }
",
                  ],
                },
                "displayName": "styled.a",
                "foldedComponentIds": Array [],
                "render": [Function],
                "styledComponentId": "sc-ifAKCX",
                "target": "a",
                "toString": [Function],
                "warnTooManyClasses": [Function],
                "withComponent": [Function],
              },
            },
            "type": "li",
          },
          Object {
            "instance": null,
            "key": undefined,
            "nodeType": "host",
            "props": Object {
              "children": <ForwardRef
                href="/review"
              >
                REVIEWS
              </ForwardRef>,
            },
            "ref": null,
            "rendered": Object {
              "instance": null,
              "key": undefined,
              "nodeType": "function",
              "props": Object {
                "children": "REVIEWS",
                "href": "/review",
              },
              "ref": null,
              "rendered": "REVIEWS",
              "type": Object {
                "$$typeof": Symbol(react.forward_ref),
                "attrs": Array [],
                "componentStyle": ComponentStyle {
                  "componentId": "sc-ifAKCX",
                  "isStatic": true,
                  "lastClassName": "bUNfVr",
                  "rules": Array [
                    "
    text-decoration: none;
    display: block;
    padding: 1em;
    color: #2D1710;

    :hover {
        background: darken(deepskyblue, 2%);
    }

    @media all and (max-width: 600px) {
        text-align: center; 
        padding: 10px;
        border-top: 1px solid rgba(255,255,255,0.3); 
        border-bottom: 1px solid rgba(0,0,0,0.1); 
    }
",
                  ],
                },
                "displayName": "styled.a",
                "foldedComponentIds": Array [],
                "render": [Function],
                "styledComponentId": "sc-ifAKCX",
                "target": "a",
                "toString": [Function],
                "warnTooManyClasses": [Function],
                "withComponent": [Function],
              },
            },
            "type": "li",
          },
          Object {
            "instance": null,
            "key": undefined,
            "nodeType": "host",
            "props": Object {
              "children": <ForwardRef
                href="/contact"
              >
                CONTACT
              </ForwardRef>,
            },
            "ref": null,
            "rendered": Object {
              "instance": null,
              "key": undefined,
              "nodeType": "function",
              "props": Object {
                "children": "CONTACT",
                "href": "/contact",
              },
              "ref": null,
              "rendered": "CONTACT",
              "type": Object {
                "$$typeof": Symbol(react.forward_ref),
                "attrs": Array [],
                "componentStyle": ComponentStyle {
                  "componentId": "sc-ifAKCX",
                  "isStatic": true,
                  "lastClassName": "bUNfVr",
                  "rules": Array [
                    "
    text-decoration: none;
    display: block;
    padding: 1em;
    color: #2D1710;

    :hover {
        background: darken(deepskyblue, 2%);
    }

    @media all and (max-width: 600px) {
        text-align: center; 
        padding: 10px;
        border-top: 1px solid rgba(255,255,255,0.3); 
        border-bottom: 1px solid rgba(0,0,0,0.1); 
    }
",
                  ],
                },
                "displayName": "styled.a",
                "foldedComponentIds": Array [],
                "render": [Function],
                "styledComponentId": "sc-ifAKCX",
                "target": "a",
                "toString": [Function],
                "warnTooManyClasses": [Function],
                "withComponent": [Function],
              },
            },
            "type": "li",
          },
        ],
        "type": Object {
          "$$typeof": Symbol(react.forward_ref),
          "attrs": Array [],
          "componentStyle": ComponentStyle {
            "componentId": "sc-bxivhb",
            "isStatic": true,
            "lastClassName": "jLjcRm",
            "rules": Array [
              "
    list-style: none;
    margin: 0; 
    display: -webkit-box;
    display: -moz-box;
    display: -ms-flexbox;
    display: -webkit-flex;
    display: flex;
    -webkit-flex-flow: row wrap;
    justify-content: flex-end;
    align-items: center;
    padding-right: 5%;

    @media all and (max-width: 800px) {
        justify-content: space-around;
    }

    @media all and (max-width: 600px) {
        -webkit-flex-flow: column wrap;
        flex-flow: column wrap;
        padding: 0;
    }

    li {
        width: 5vw;
    }
",
            ],
          },
          "displayName": "styled.ul",
          "foldedComponentIds": Array [],
          "render": [Function],
          "styledComponentId": "sc-bxivhb",
          "target": "ul",
          "toString": [Function],
          "warnTooManyClasses": [Function],
          "withComponent": [Function],
        },
      },
    ],
    "type": Object {
      "$$typeof": Symbol(react.forward_ref),
      "attrs": Array [],
      "componentStyle": ComponentStyle {
        "componentId": "sc-bdVaJa",
        "isStatic": true,
        "lastClassName": "fZPfvV",
        "rules": Array [
          "
    height: 12vh;
    min-height: 6vh;
    padding: .5em 1em .5em 0;
    display: -webkit-box;
    display: -moz-box;
    display: -ms-flexbox;
    display: -webkit-flex;
    display: flex;
    justify-content: space-between;
",
        ],
      },
      "displayName": "styled.header",
      "foldedComponentIds": Array [],
      "render": [Function],
      "styledComponentId": "sc-bdVaJa",
      "target": "header",
      "toString": [Function],
      "warnTooManyClasses": [Function],
      "withComponent": [Function],
    },
  },
  Symbol(enzyme.__nodes__): Array [
    Object {
      "instance": null,
      "key": undefined,
      "nodeType": "function",
      "props": Object {
        "children": Array [
          <ForwardRef
            className="logo"
            href="/"
          >
            <ForwardRef
              alt="Bees of Bryncoch logo"
              src="Logo.png"
            />
          </ForwardRef>,
          <ForwardRef>
            <li>
              <ForwardRef
                href="/about"
              >
                ABOUT
              </ForwardRef>
            </li>
            <li>
              <ForwardRef
                href="/blog"
              >
                BLOG
              </ForwardRef>
            </li>
            <li>
              <ForwardRef
                href="/gallery"
              >
                GALLERY
              </ForwardRef>
            </li>
            <li>
              <ForwardRef
                href="/review"
              >
                REVIEWS
              </ForwardRef>
            </li>
            <li>
              <ForwardRef
                href="/contact"
              >
                CONTACT
              </ForwardRef>
            </li>
          </ForwardRef>,
        ],
      },
      "ref": null,
      "rendered": Array [
        Object {
          "instance": null,
          "key": undefined,
          "nodeType": "function",
          "props": Object {
            "children": <ForwardRef
              alt="Bees of Bryncoch logo"
              src="Logo.png"
            />,
            "className": "logo",
            "href": "/",
          },
          "ref": null,
          "rendered": Object {
            "instance": null,
            "key": undefined,
            "nodeType": "function",
            "props": Object {
              "alt": "Bees of Bryncoch logo",
              "src": "Logo.png",
            },
            "ref": null,
            "rendered": null,
            "type": Object {
              "$$typeof": Symbol(react.forward_ref),
              "attrs": Array [],
              "componentStyle": ComponentStyle {
                "componentId": "sc-bwzfXH",
                "isStatic": true,
                "lastClassName": "dcwtMI",
                "rules": Array [
                  "
    width: 100%;
    height: 100%;
",
                ],
              },
              "displayName": "styled.img",
              "foldedComponentIds": Array [],
              "render": [Function],
              "styledComponentId": "sc-bwzfXH",
              "target": "img",
              "toString": [Function],
              "warnTooManyClasses": [Function],
              "withComponent": [Function],
            },
          },
          "type": Object {
            "$$typeof": Symbol(react.forward_ref),
            "attrs": Array [],
            "componentStyle": ComponentStyle {
              "componentId": "sc-htpNat",
              "isStatic": true,
              "lastClassName": "bXseJD",
              "rules": Array [
                "
    width: 8vw;
    height: 6vw;
    padding: 0 1em 0.5em 8em;
",
              ],
            },
            "displayName": "styled.a",
            "foldedComponentIds": Array [],
            "render": [Function],
            "styledComponentId": "sc-htpNat",
            "target": "a",
            "toString": [Function],
            "warnTooManyClasses": [Function],
            "withComponent": [Function],
          },
        },
        Object {
          "instance": null,
          "key": undefined,
          "nodeType": "function",
          "props": Object {
            "children": Array [
              <li>
                <ForwardRef
                  href="/about"
                >
                  ABOUT
                </ForwardRef>
              </li>,
              <li>
                <ForwardRef
                  href="/blog"
                >
                  BLOG
                </ForwardRef>
              </li>,
              <li>
                <ForwardRef
                  href="/gallery"
                >
                  GALLERY
                </ForwardRef>
              </li>,
              <li>
                <ForwardRef
                  href="/review"
                >
                  REVIEWS
                </ForwardRef>
              </li>,
              <li>
                <ForwardRef
                  href="/contact"
                >
                  CONTACT
                </ForwardRef>
              </li>,
            ],
          },
          "ref": null,
          "rendered": Array [
            Object {
              "instance": null,
              "key": undefined,
              "nodeType": "host",
              "props": Object {
                "children": <ForwardRef
                  href="/about"
                >
                  ABOUT
                </ForwardRef>,
              },
              "ref": null,
              "rendered": Object {
                "instance": null,
                "key": undefined,
                "nodeType": "function",
                "props": Object {
                  "children": "ABOUT",
                  "href": "/about",
                },
                "ref": null,
                "rendered": "ABOUT",
                "type": Object {
                  "$$typeof": Symbol(react.forward_ref),
                  "attrs": Array [],
                  "componentStyle": ComponentStyle {
                    "componentId": "sc-ifAKCX",
                    "isStatic": true,
                    "lastClassName": "bUNfVr",
                    "rules": Array [
                      "
    text-decoration: none;
    display: block;
    padding: 1em;
    color: #2D1710;

    :hover {
        background: darken(deepskyblue, 2%);
    }

    @media all and (max-width: 600px) {
        text-align: center; 
        padding: 10px;
        border-top: 1px solid rgba(255,255,255,0.3); 
        border-bottom: 1px solid rgba(0,0,0,0.1); 
    }
",
                    ],
                  },
                  "displayName": "styled.a",
                  "foldedComponentIds": Array [],
                  "render": [Function],
                  "styledComponentId": "sc-ifAKCX",
                  "target": "a",
                  "toString": [Function],
                  "warnTooManyClasses": [Function],
                  "withComponent": [Function],
                },
              },
              "type": "li",
            },
            Object {
              "instance": null,
              "key": undefined,
              "nodeType": "host",
              "props": Object {
                "children": <ForwardRef
                  href="/blog"
                >
                  BLOG
                </ForwardRef>,
              },
              "ref": null,
              "rendered": Object {
                "instance": null,
                "key": undefined,
                "nodeType": "function",
                "props": Object {
                  "children": "BLOG",
                  "href": "/blog",
                },
                "ref": null,
                "rendered": "BLOG",
                "type": Object {
                  "$$typeof": Symbol(react.forward_ref),
                  "attrs": Array [],
                  "componentStyle": ComponentStyle {
                    "componentId": "sc-ifAKCX",
                    "isStatic": true,
                    "lastClassName": "bUNfVr",
                    "rules": Array [
                      "
    text-decoration: none;
    display: block;
    padding: 1em;
    color: #2D1710;

    :hover {
        background: darken(deepskyblue, 2%);
    }

    @media all and (max-width: 600px) {
        text-align: center; 
        padding: 10px;
        border-top: 1px solid rgba(255,255,255,0.3); 
        border-bottom: 1px solid rgba(0,0,0,0.1); 
    }
",
                    ],
                  },
                  "displayName": "styled.a",
                  "foldedComponentIds": Array [],
                  "render": [Function],
                  "styledComponentId": "sc-ifAKCX",
                  "target": "a",
                  "toString": [Function],
                  "warnTooManyClasses": [Function],
                  "withComponent": [Function],
                },
              },
              "type": "li",
            },
            Object {
              "instance": null,
              "key": undefined,
              "nodeType": "host",
              "props": Object {
                "children": <ForwardRef
                  href="/gallery"
                >
                  GALLERY
                </ForwardRef>,
              },
              "ref": null,
              "rendered": Object {
                "instance": null,
                "key": undefined,
                "nodeType": "function",
                "props": Object {
                  "children": "GALLERY",
                  "href": "/gallery",
                },
                "ref": null,
                "rendered": "GALLERY",
                "type": Object {
                  "$$typeof": Symbol(react.forward_ref),
                  "attrs": Array [],
                  "componentStyle": ComponentStyle {
                    "componentId": "sc-ifAKCX",
                    "isStatic": true,
                    "lastClassName": "bUNfVr",
                    "rules": Array [
                      "
    text-decoration: none;
    display: block;
    padding: 1em;
    color: #2D1710;

    :hover {
        background: darken(deepskyblue, 2%);
    }

    @media all and (max-width: 600px) {
        text-align: center; 
        padding: 10px;
        border-top: 1px solid rgba(255,255,255,0.3); 
        border-bottom: 1px solid rgba(0,0,0,0.1); 
    }
",
                    ],
                  },
                  "displayName": "styled.a",
                  "foldedComponentIds": Array [],
                  "render": [Function],
                  "styledComponentId": "sc-ifAKCX",
                  "target": "a",
                  "toString": [Function],
                  "warnTooManyClasses": [Function],
                  "withComponent": [Function],
                },
              },
              "type": "li",
            },
            Object {
              "instance": null,
              "key": undefined,
              "nodeType": "host",
              "props": Object {
                "children": <ForwardRef
                  href="/review"
                >
                  REVIEWS
                </ForwardRef>,
              },
              "ref": null,
              "rendered": Object {
                "instance": null,
                "key": undefined,
                "nodeType": "function",
                "props": Object {
                  "children": "REVIEWS",
                  "href": "/review",
                },
                "ref": null,
                "rendered": "REVIEWS",
                "type": Object {
                  "$$typeof": Symbol(react.forward_ref),
                  "attrs": Array [],
                  "componentStyle": ComponentStyle {
                    "componentId": "sc-ifAKCX",
                    "isStatic": true,
                    "lastClassName": "bUNfVr",
                    "rules": Array [
                      "
    text-decoration: none;
    display: block;
    padding: 1em;
    color: #2D1710;

    :hover {
        background: darken(deepskyblue, 2%);
    }

    @media all and (max-width: 600px) {
        text-align: center; 
        padding: 10px;
        border-top: 1px solid rgba(255,255,255,0.3); 
        border-bottom: 1px solid rgba(0,0,0,0.1); 
    }
",
                    ],
                  },
                  "displayName": "styled.a",
                  "foldedComponentIds": Array [],
                  "render": [Function],
                  "styledComponentId": "sc-ifAKCX",
                  "target": "a",
                  "toString": [Function],
                  "warnTooManyClasses": [Function],
                  "withComponent": [Function],
                },
              },
              "type": "li",
            },
            Object {
              "instance": null,
              "key": undefined,
              "nodeType": "host",
              "props": Object {
                "children": <ForwardRef
                  href="/contact"
                >
                  CONTACT
                </ForwardRef>,
              },
              "ref": null,
              "rendered": Object {
                "instance": null,
                "key": undefined,
                "nodeType": "function",
                "props": Object {
                  "children": "CONTACT",
                  "href": "/contact",
                },
                "ref": null,
                "rendered": "CONTACT",
                "type": Object {
                  "$$typeof": Symbol(react.forward_ref),
                  "attrs": Array [],
                  "componentStyle": ComponentStyle {
                    "componentId": "sc-ifAKCX",
                    "isStatic": true,
                    "lastClassName": "bUNfVr",
                    "rules": Array [
                      "
    text-decoration: none;
    display: block;
    padding: 1em;
    color: #2D1710;

    :hover {
        background: darken(deepskyblue, 2%);
    }

    @media all and (max-width: 600px) {
        text-align: center; 
        padding: 10px;
        border-top: 1px solid rgba(255,255,255,0.3); 
        border-bottom: 1px solid rgba(0,0,0,0.1); 
    }
",
                    ],
                  },
                  "displayName": "styled.a",
                  "foldedComponentIds": Array [],
                  "render": [Function],
                  "styledComponentId": "sc-ifAKCX",
                  "target": "a",
                  "toString": [Function],
                  "warnTooManyClasses": [Function],
                  "withComponent": [Function],
                },
              },
              "type": "li",
            },
          ],
          "type": Object {
            "$$typeof": Symbol(react.forward_ref),
            "attrs": Array [],
            "componentStyle": ComponentStyle {
              "componentId": "sc-bxivhb",
              "isStatic": true,
              "lastClassName": "jLjcRm",
              "rules": Array [
                "
    list-style: none;
    margin: 0; 
    display: -webkit-box;
    display: -moz-box;
    display: -ms-flexbox;
    display: -webkit-flex;
    display: flex;
    -webkit-flex-flow: row wrap;
    justify-content: flex-end;
    align-items: center;
    padding-right: 5%;

    @media all and (max-width: 800px) {
        justify-content: space-around;
    }

    @media all and (max-width: 600px) {
        -webkit-flex-flow: column wrap;
        flex-flow: column wrap;
        padding: 0;
    }

    li {
        width: 5vw;
    }
",
              ],
            },
            "displayName": "styled.ul",
            "foldedComponentIds": Array [],
            "render": [Function],
            "styledComponentId": "sc-bxivhb",
            "target": "ul",
            "toString": [Function],
            "warnTooManyClasses": [Function],
            "withComponent": [Function],
          },
        },
      ],
      "type": Object {
        "$$typeof": Symbol(react.forward_ref),
        "attrs": Array [],
        "componentStyle": ComponentStyle {
          "componentId": "sc-bdVaJa",
          "isStatic": true,
          "lastClassName": "fZPfvV",
          "rules": Array [
            "
    height: 12vh;
    min-height: 6vh;
    padding: .5em 1em .5em 0;
    display: -webkit-box;
    display: -moz-box;
    display: -ms-flexbox;
    display: -webkit-flex;
    display: flex;
    justify-content: space-between;
",
          ],
        },
        "displayName": "styled.header",
        "foldedComponentIds": Array [],
        "render": [Function],
        "styledComponentId": "sc-bdVaJa",
        "target": "header",
        "toString": [Function],
        "warnTooManyClasses": [Function],
        "withComponent": [Function],
      },
    },
  ],
  Symbol(enzyme.__options__): Object {
    "adapter": ReactSixteenAdapter {
      "options": Object {
        "enableComponentDidUpdateOnSetState": true,
        "legacyContextMode": "parent",
        "lifecycles": Object {
          "componentDidUpdate": Object {
            "onSetState": true,
          },
          "getChildContext": Object {
            "calledByRenderer": false,
          },
          "getDerivedStateFromProps": Object {
            "hasShouldComponentUpdateBug": false,
          },
          "getSnapshotBeforeUpdate": true,
          "setState": Object {
            "skipsComponentDidUpdateOnNullish": true,
          },
        },
      },
    },
  },
  Symbol(enzyme.__childContext__): null,
}
`;
